// Jest Snapshot v1, https://goo.gl/fbAQLP

exports[`<NavBar /> should render component 1`] = `
<nav>
  <div
    className="navbar"
  >
    <ul
      className="navbar__list"
    >
      <li
        className="navbar__item"
      >
        <NavLink
          activeClassName="active"
          aria-current="page"
          className="navbar__item__link"
          exact={true}
          to="/"
        >
          Home
        </NavLink>
      </li>
      <li
        className="navbar__item"
      >
        <NavLink
          activeClassName="active"
          aria-current="page"
          className="navbar__item__link"
          to="/cards"
        >
          Cards
        </NavLink>
      </li>
      <li
        className="navbar__item"
      >
        <NavLink
          activeClassName="active"
          aria-current="page"
          className="navbar__item__link"
          to="/products"
        >
          Products
        </NavLink>
      </li>
      <li
        className="navbar__item"
      >
        <withRouter(Connect(Authorization))
          withAuth={[Function]}
          withoutAuth={
            <NavLink
              activeClassName="active"
              aria-current="page"
              className="navbar__item__link"
              to="/login"
            >
              Login
            </NavLink>
          }
        />
      </li>
    </ul>
  </div>
  <div
    className="navbar--narrow"
  >
    <i
      className="navbar--narrow__ico fa fa-bars fa-2x"
    />
    <div
      className="menu"
    >
      <ul
        className="menu__list"
      >
        <li
          className="menu__item"
        >
          <NavLink
            activeClassName="active"
            aria-current="page"
            className="menu__item__link"
            exact={true}
            to="/"
          >
            Home
          </NavLink>
        </li>
        <li
          className="menu__item"
        >
          <NavLink
            activeClassName="active"
            aria-current="page"
            className="menu__item__link"
            to="/cards"
          >
            Cards
          </NavLink>
        </li>
        <li
          className="menu__item"
        >
          <NavLink
            activeClassName="active"
            aria-current="page"
            className="menu__item__link"
            to="/products"
          >
            Products
          </NavLink>
        </li>
        <li
          className="menu__item"
        >
          <withRouter(Connect(Authorization))
            withAuth={[Function]}
            withoutAuth={
              <NavLink
                activeClassName="active"
                aria-current="page"
                className="menu__item__link"
                to="/login"
              >
                Login
              </NavLink>
            }
          />
        </li>
      </ul>
    </div>
  </div>
</nav>
`;
