// Jest Snapshot v1, https://goo.gl/fbAQLP

exports[`<NavBar /> should render component 1`] = `
<nav
  className="NavBar"
>
  <ul>
    <li>
      <NavLink
        activeClassName="active"
        aria-current="page"
        exact={true}
        to="/"
      >
        Home
      </NavLink>
    </li>
    <li>
      <NavLink
        activeClassName="active"
        aria-current="page"
        to="/cards"
      >
        Cards
      </NavLink>
    </li>
    <li>
      <NavLink
        activeClassName="active"
        aria-current="page"
        to="/products"
      >
        Products
      </NavLink>
    </li>
    <li>
      <withRouter(Connect(Authorization)) />
    </li>
  </ul>
</nav>
`;
