// Jest Snapshot v1, https://goo.gl/fbAQLP

exports[`<AllCards /> should render component witout crash 1`] = `
<div
  className="cards-list"
>
  <Card
    card={
      Object {
        "email": "john@gmail.com",
        "id": 1,
        "name": "John",
      }
    }
    handleClick={[Function]}
    key="1"
  />
  <Card
    card={
      Object {
        "email": "rob@gmail.com",
        "id": 2,
        "name": "Rob",
      }
    }
    handleClick={[Function]}
    key="2"
  />
</div>
`;
