// Jest Snapshot v1, https://goo.gl/fbAQLP

exports[`<Search /> should render without crash 1`] = `
<div
  className="search-card"
>
  <label
    htmlFor="search"
  >
    <p>
      Search by name:
    </p>
    <i
      className="fa fa-search"
    />
    <input
      className="form-input"
      id="search"
      onChange={[Function]}
      type="text"
    />
  </label>
</div>
`;
