// Jest Snapshot v1, https://goo.gl/fbAQLP

exports[`<LogIn /> should component render 1`] = `
<form
  onSubmit={[Function]}
>
  <label
    htmlFor="login"
  >
    <p>
      Login:
    </p>
    <input
      id="login"
      onChange={[Function]}
      type="text"
      value=""
    />
  </label>
  <label
    htmlFor="password"
  >
    <p>
      Password:
    </p>
    <input
      id="password"
      onChange={[Function]}
      type="password"
      value=""
    />
  </label>
  <button
    id="submit-button"
    type="submit"
  >
    Log In
  </button>
</form>
`;
