// Jest Snapshot v1, https://goo.gl/fbAQLP

exports[`<LogIn /> should component render 1`] = `
<form
  onSubmit={[Function]}
>
  <label
    htmlFor="login"
  >
    Login:
    <input
      id="login"
      onChange={[Function]}
      type="text"
      value=""
    />
  </label>
  <label
    htmlFor="email"
  >
    Email:
    <input
      id="email"
      onChange={[Function]}
      type="email"
      value=""
    />
  </label>
  <button
    type="submit"
  >
    Log In
  </button>
</form>
`;
