// Jest Snapshot v1, https://goo.gl/fbAQLP

exports[`<App /> should render component 1`] = `
<BrowserRouter>
  <div
    className="App container"
  >
    <Header
      className="Header"
    />
    <Switch>
      <Route
        component={[Function]}
        exact={true}
        path="/"
      />
      <Route
        component={[Function]}
        path="/cards"
      />
      <Route
        component={[Function]}
        path="/products"
      />
      <Route
        component={[Function]}
        path="/login"
      />
      <Route
        component={[Function]}
        path="/registration"
      />
      <Route
        component={[Function]}
      />
    </Switch>
  </div>
</BrowserRouter>
`;
