// Jest Snapshot v1, https://goo.gl/fbAQLP

exports[`<Card /> should render component witout crash 1`] = `
<div
  style={
    Object {
      "border": "1px solid black",
      "margin": "5px auto",
      "width": "300px",
    }
  }
>
  <h2>
    Name:
    John
  </h2>
  <h4>
    Email:
    john@gmail.com
  </h4>
  <button
    onClick={[Function]}
    style={
      Object {
        "backgroundColor": "red",
        "border": "1px solid red",
        "color": "white",
        "fontSize": "16px",
        "padding": "5px",
      }
    }
    type="button"
  >
    Delete
  </button>
</div>
`;
